de.metas.handlingunits.picking.plan.generator.CreatePickingPlanCommand_UsingCUs_Test.scenario_3HUs_1KgAlreadyReserved=[ {
  "alternatives" : {
    "pickFroms" : [ {
      "availableQty" : "960.000 Kg",
      "huId" : 100238,
      "key" : {
        "huId" : 100238,
        "locatorId" : "100162_100164",
        "productId" : 100161
      },
      "locatorId" : "100162_100164",
      "productId" : 100161
    } ]
  },
  "lines" : [ {
    "issueToBOMLine" : null,
    "pickFromHU" : {
      "alternatives" : {
        "keys" : [ {
          "huId" : 100238,
          "locatorId" : "100162_100164",
          "productId" : 100161
        } ]
      },
      "expiringDate" : null,
      "huCode" : "100273",
      "huReservedForThisLine" : true,
      "locatorId" : "100162_100164",
      "lotNumber" : null,
      "repackNumber" : null,
      "serialNo" : null,
      "topLevelHUId" : 100273
    },
    "pickFromPickingOrder" : null,
    "productId" : 100161,
    "qty" : "1.000 Kg",
    "sourceDocumentInfo" : {
      "existingPickingCandidate" : null,
      "packToSpec" : {
        "genericPackingInstructionsId" : 101,
        "tuPackingInstructionsId" : null
      },
      "salesOrderLineId" : {
        "orderId" : 300,
        "orderLineId" : 301
      },
      "shipmentScheduleId" : 2,
      "shipperId" : null
    },
    "type" : "PICK_FROM_HU"
  }, {
    "issueToBOMLine" : null,
    "pickFromHU" : {
      "alternatives" : {
        "keys" : [ {
          "huId" : 100238,
          "locatorId" : "100162_100164",
          "productId" : 100161
        } ]
      },
      "expiringDate" : null,
      "huCode" : "100166",
      "huReservedForThisLine" : false,
      "locatorId" : "100162_100164",
      "lotNumber" : null,
      "repackNumber" : null,
      "serialNo" : null,
      "topLevelHUId" : 100166
    },
    "pickFromPickingOrder" : null,
    "productId" : 100161,
    "qty" : "30.000 Kg",
    "sourceDocumentInfo" : {
      "existingPickingCandidate" : null,
      "packToSpec" : {
        "genericPackingInstructionsId" : 101,
        "tuPackingInstructionsId" : null
      },
      "salesOrderLineId" : {
        "orderId" : 300,
        "orderLineId" : 301
      },
      "shipmentScheduleId" : 2,
      "shipperId" : null
    },
    "type" : "PICK_FROM_HU"
  }, {
    "issueToBOMLine" : null,
    "pickFromHU" : {
      "alternatives" : {
        "keys" : [ {
          "huId" : 100238,
          "locatorId" : "100162_100164",
          "productId" : 100161
        } ]
      },
      "expiringDate" : null,
      "huCode" : "100202",
      "huReservedForThisLine" : false,
      "locatorId" : "100162_100164",
      "lotNumber" : null,
      "repackNumber" : null,
      "serialNo" : null,
      "topLevelHUId" : 100202
    },
    "pickFromPickingOrder" : null,
    "productId" : 100161,
    "qty" : "30.000 Kg",
    "sourceDocumentInfo" : {
      "existingPickingCandidate" : null,
      "packToSpec" : {
        "genericPackingInstructionsId" : 101,
        "tuPackingInstructionsId" : null
      },
      "salesOrderLineId" : {
        "orderId" : 300,
        "orderLineId" : 301
      },
      "shipmentScheduleId" : 2,
      "shipperId" : null
    },
    "type" : "PICK_FROM_HU"
  }, {
    "issueToBOMLine" : null,
    "pickFromHU" : {
      "alternatives" : {
        "keys" : [ ]
      },
      "expiringDate" : null,
      "huCode" : "100238",
      "huReservedForThisLine" : false,
      "locatorId" : "100162_100164",
      "lotNumber" : null,
      "repackNumber" : null,
      "serialNo" : null,
      "topLevelHUId" : 100238
    },
    "pickFromPickingOrder" : null,
    "productId" : 100161,
    "qty" : "39.000 Kg",
    "sourceDocumentInfo" : {
      "existingPickingCandidate" : null,
      "packToSpec" : {
        "genericPackingInstructionsId" : 101,
        "tuPackingInstructionsId" : null
      },
      "salesOrderLineId" : {
        "orderId" : 300,
        "orderLineId" : 301
      },
      "shipmentScheduleId" : 2,
      "shipperId" : null
    },
    "type" : "PICK_FROM_HU"
  } ],
  "singleProductId" : 100161
} ]